// Jest Snapshot v1, https://goo.gl/fbAQLP

exports[`can add a new todo item 1`] = `
<DocumentFragment>
  <div
    class="App"
  >
    <div
      class="container"
    >
      <div
        class="row"
      >
        <div
          class="col"
        >
          <img
            class="img-fluid rounded"
            src="clearPointLogo.png"
          />
        </div>
      </div>
      <div
        class="row"
      >
        <div
          class="col"
        >
          <div
            class="fade alert alert-success show"
            role="alert"
          >
            <div
              class="alert-heading h4"
            >
              Todo List App
            </div>
            Welcome to the ClearPoint frontend technical test. We like to keep things simple, yet clean so your task(s) are as follows:
            <br />
            <br />
            <ol
              class="list-left"
            >
              <li>
                Add the ability to add (POST) a Todo Item by calling the backend API
              </li>
              <li>
                Display (GET) all the current Todo Items in the below grid and display them in any order you wish
              </li>
              <li>
                Bonus points for completing the 'Mark as completed' button code for allowing users to update and mark a specific Todo Item as completed and for displaying any relevant validation errors/ messages from the API in the UI
              </li>
              <li>
                Feel free to add unit tests and refactor the component(s) as best you see fit
              </li>
            </ol>
          </div>
        </div>
      </div>
      <div
        class="row"
      >
        <div
          class="col"
        >
          <div
            class="container"
          >
            <h1>
              Add Item
            </h1>
            <div
              class="mb-3 row"
            >
              <label
                class="form-label col-form-label col-sm-2"
                for="formAddTodoItem"
              >
                Description
              </label>
              <div
                class="col-md-6"
              >
                <input
                  class="form-control"
                  id="formAddTodoItem"
                  placeholder="Enter description..."
                  type="text"
                  value=""
                />
              </div>
            </div>
            <div
              class="mb-3 offset-md-2 row"
            >
              <div
                class="hstack gap-2 minBreakpoint-xs"
              >
                <button
                  class="btn btn-primary"
                  type="button"
                >
                  Add Item
                </button>
                <button
                  class="btn btn-secondary"
                  type="button"
                >
                  Clear
                </button>
              </div>
            </div>
          </div>
        </div>
      </div>
      <br />
      <div
        class="row"
      >
        <div
          class="col"
        >
          <h1>
            Showing 0 Item(s) 
            <button
              class="pull-right btn btn-primary"
              type="button"
            >
              Refresh
            </button>
          </h1>
          <table
            class="table table-striped table-bordered table-hover"
          >
            <thead>
              <tr>
                <th>
                  Id
                </th>
                <th>
                  Description
                </th>
                <th>
                  Action
                </th>
              </tr>
            </thead>
            <tbody />
          </table>
        </div>
      </div>
    </div>
    <footer
      class="page-footer font-small teal pt-4"
    >
      <div
        class="footer-copyright text-center py-3"
      >
        Â© 2021 Copyright:
        <a
          href="https://clearpoint.digital"
          rel="noreferrer"
          target="_blank"
        >
          clearpoint.digital
        </a>
      </div>
    </footer>
  </div>
</DocumentFragment>
`;
